00:55:31 I proto | [start] prototypes colbert
00:55:32 I proto | launch shard 0 on gpu 0: /home/user/tmp/dvlsr/scripts/11_prototypes.py --shard 0 --n-shards 18 --encoder colbert --bs 192
00:55:32 I proto | launch shard 1 on gpu 0: /home/user/tmp/dvlsr/scripts/11_prototypes.py --shard 1 --n-shards 18 --encoder colbert --bs 192
00:55:32 I proto | launch shard 2 on gpu 0: /home/user/tmp/dvlsr/scripts/11_prototypes.py --shard 2 --n-shards 18 --encoder colbert --bs 192
00:55:32 I proto | launch shard 3 on gpu 1: /home/user/tmp/dvlsr/scripts/11_prototypes.py --shard 3 --n-shards 18 --encoder colbert --bs 192
00:55:32 I proto | launch shard 4 on gpu 1: /home/user/tmp/dvlsr/scripts/11_prototypes.py --shard 4 --n-shards 18 --encoder colbert --bs 192
00:55:32 I proto | launch shard 5 on gpu 1: /home/user/tmp/dvlsr/scripts/11_prototypes.py --shard 5 --n-shards 18 --encoder colbert --bs 192
00:55:32 I proto | launch shard 6 on gpu 2: /home/user/tmp/dvlsr/scripts/11_prototypes.py --shard 6 --n-shards 18 --encoder colbert --bs 192
00:55:32 I proto | launch shard 7 on gpu 2: /home/user/tmp/dvlsr/scripts/11_prototypes.py --shard 7 --n-shards 18 --encoder colbert --bs 192
00:55:32 I proto | launch shard 8 on gpu 2: /home/user/tmp/dvlsr/scripts/11_prototypes.py --shard 8 --n-shards 18 --encoder colbert --bs 192
00:55:32 I proto | launch shard 9 on gpu 3: /home/user/tmp/dvlsr/scripts/11_prototypes.py --shard 9 --n-shards 18 --encoder colbert --bs 192
00:55:32 I proto | launch shard 10 on gpu 3: /home/user/tmp/dvlsr/scripts/11_prototypes.py --shard 10 --n-shards 18 --encoder colbert --bs 192
00:55:32 I proto | launch shard 11 on gpu 3: /home/user/tmp/dvlsr/scripts/11_prototypes.py --shard 11 --n-shards 18 --encoder colbert --bs 192
00:55:32 I proto | launch shard 12 on gpu 4: /home/user/tmp/dvlsr/scripts/11_prototypes.py --shard 12 --n-shards 18 --encoder colbert --bs 192
00:55:32 I proto | launch shard 13 on gpu 4: /home/user/tmp/dvlsr/scripts/11_prototypes.py --shard 13 --n-shards 18 --encoder colbert --bs 192
00:55:32 I proto | launch shard 14 on gpu 4: /home/user/tmp/dvlsr/scripts/11_prototypes.py --shard 14 --n-shards 18 --encoder colbert --bs 192
00:55:32 I proto | launch shard 15 on gpu 5: /home/user/tmp/dvlsr/scripts/11_prototypes.py --shard 15 --n-shards 18 --encoder colbert --bs 192
00:55:32 I proto | launch shard 16 on gpu 5: /home/user/tmp/dvlsr/scripts/11_prototypes.py --shard 16 --n-shards 18 --encoder colbert --bs 192
00:55:32 I proto | launch shard 17 on gpu 5: /home/user/tmp/dvlsr/scripts/11_prototypes.py --shard 17 --n-shards 18 --encoder colbert --bs 192
00:58:22 I proto | shard 5 ok (gpu 1) task/architecture; not ok if you expect identical arch.
shard 5: 0/137534 344/s
shard 5: 19200/137534 1163/s
shard 5: 38400/137534 1119/s
shard 5: 57600/137534 1095/s
shard 5: 76800/137534 1071/s
shard 5: 96000/137534 1043/s
shard 5: 115200/137534 986/s
shard 5: 134400/137534 938/s
shard 5 done 148s
00:58:24 I proto | shard 16 ok (gpu 5) itecture; not ok if you expect identical arch.
shard 16: 0/137534 336/s
shard 16: 19200/137534 1222/s
shard 16: 38400/137534 1151/s
shard 16: 57600/137534 1117/s
shard 16: 76800/137534 1088/s
shard 16: 96000/137534 1049/s
shard 16: 115200/137534 983/s
shard 16: 134400/137534 926/s
shard 16 done 150s
00:58:25 I proto | shard 8 ok (gpu 2) task/architecture; not ok if you expect identical arch.
shard 8: 0/137534 334/s
shard 8: 19200/137534 1197/s
shard 8: 38400/137534 1129/s
shard 8: 57600/137534 1109/s
shard 8: 76800/137534 1080/s
shard 8: 96000/137534 1040/s
shard 8: 115200/137534 984/s
shard 8: 134400/137534 924/s
shard 8 done 150s
00:58:25 I proto | shard 9 ok (gpu 3) task/architecture; not ok if you expect identical arch.
shard 9: 0/137534 322/s
shard 9: 19200/137534 1136/s
shard 9: 38400/137534 1132/s
shard 9: 57600/137534 1099/s
shard 9: 76800/137534 1070/s
shard 9: 96000/137534 1026/s
shard 9: 115200/137534 979/s
shard 9: 134400/137534 922/s
shard 9 done 151s
00:58:25 I proto | shard 13 ok (gpu 4) itecture; not ok if you expect identical arch.
shard 13: 0/137534 326/s
shard 13: 19200/137534 1126/s
shard 13: 38400/137534 1105/s
shard 13: 57600/137534 1099/s
shard 13: 76800/137534 1087/s
shard 13: 96000/137534 1042/s
shard 13: 115200/137534 982/s
shard 13: 134400/137534 922/s
shard 13 done 150s
00:58:26 I proto | shard 1 ok (gpu 0) task/architecture; not ok if you expect identical arch.
shard 1: 0/137534 335/s
shard 1: 19200/137534 1110/s
shard 1: 38400/137534 1094/s
shard 1: 57600/137534 1082/s
shard 1: 76800/137534 1060/s
shard 1: 96000/137534 1023/s
shard 1: 115200/137534 967/s
shard 1: 134400/137534 913/s
shard 1 done 152s
00:58:26 I proto | shard 14 ok (gpu 4) itecture; not ok if you expect identical arch.
shard 14: 0/137534 344/s
shard 14: 19200/137534 1151/s
shard 14: 38400/137534 1124/s
shard 14: 57600/137534 1099/s
shard 14: 76800/137534 1080/s
shard 14: 96000/137534 1046/s
shard 14: 115200/137534 985/s
shard 14: 134400/137534 920/s
shard 14 done 151s
00:58:26 I proto | shard 17 ok (gpu 5) itecture; not ok if you expect identical arch.
shard 17: 0/137534 328/s
shard 17: 19200/137534 1160/s
shard 17: 38400/137534 1106/s
shard 17: 57600/137534 1100/s
shard 17: 76800/137534 1064/s
shard 17: 96000/137534 1027/s
shard 17: 115200/137534 968/s
shard 17: 134400/137534 919/s
shard 17 done 151s
00:58:27 I proto | shard 0 ok (gpu 0) task/architecture; not ok if you expect identical arch.
shard 0: 0/137533 314/s
shard 0: 19200/137533 1125/s
shard 0: 38400/137533 1094/s
shard 0: 57600/137533 1073/s
shard 0: 76800/137533 1056/s
shard 0: 96000/137533 1021/s
shard 0: 115200/137533 964/s
shard 0: 134400/137533 913/s
shard 0 done 152s
00:58:27 I proto | shard 15 ok (gpu 5) itecture; not ok if you expect identical arch.
shard 15: 0/137534 314/s
shard 15: 19200/137534 1120/s
shard 15: 38400/137534 1086/s
shard 15: 57600/137534 1073/s
shard 15: 76800/137534 1049/s
shard 15: 96000/137534 1013/s
shard 15: 115200/137534 953/s
shard 15: 134400/137534 906/s
shard 15 done 153s
00:58:28 I proto | shard 6 ok (gpu 2)  task/architecture; not ok if you expect identical arch.
shard 6: 0/137534 335/s
shard 6: 19200/137534 1101/s
shard 6: 38400/137534 1067/s
shard 6: 57600/137534 1051/s
shard 6: 76800/137534 1031/s
shard 6: 96000/137534 993/s
shard 6: 115200/137534 945/s
shard 6: 134400/137534 896/s
shard 6 done 154s
00:58:28 I proto | shard 7 ok (gpu 2) task/architecture; not ok if you expect identical arch.
shard 7: 0/137534 342/s
shard 7: 19200/137534 1139/s
shard 7: 38400/137534 1078/s
shard 7: 57600/137534 1066/s
shard 7: 76800/137534 1045/s
shard 7: 96000/137534 1005/s
shard 7: 115200/137534 952/s
shard 7: 134400/137534 901/s
shard 7 done 153s
00:58:29 I proto | shard 4 ok (gpu 1)  task/architecture; not ok if you expect identical arch.
shard 4: 0/137534 330/s
shard 4: 19200/137534 1101/s
shard 4: 38400/137534 1071/s
shard 4: 57600/137534 1043/s
shard 4: 76800/137534 1026/s
shard 4: 96000/137534 990/s
shard 4: 115200/137534 943/s
shard 4: 134400/137534 897/s
shard 4 done 154s
00:58:29 I proto | shard 10 ok (gpu 3) itecture; not ok if you expect identical arch.
shard 10: 0/137534 317/s
shard 10: 19200/137534 1126/s
shard 10: 38400/137534 1103/s
shard 10: 57600/137534 1076/s
shard 10: 76800/137534 1049/s
shard 10: 96000/137534 1011/s
shard 10: 115200/137534 955/s
shard 10: 134400/137534 900/s
shard 10 done 154s
00:58:30 I proto | shard 11 ok (gpu 3) itecture; not ok if you expect identical arch.
shard 11: 0/137534 331/s
shard 11: 19200/137534 1164/s
shard 11: 38400/137534 1133/s
shard 11: 57600/137534 1091/s
shard 11: 76800/137534 1065/s
shard 11: 96000/137534 1018/s
shard 11: 115200/137534 956/s
shard 11: 134400/137534 893/s
shard 11 done 155s
00:58:31 I proto | shard 2 ok (gpu 0) task/architecture; not ok if you expect identical arch.
shard 2: 0/137534 334/s
shard 2: 19200/137534 1093/s
shard 2: 38400/137534 1088/s
shard 2: 57600/137534 1060/s
shard 2: 76800/137534 1040/s
shard 2: 96000/137534 1003/s
shard 2: 115200/137534 936/s
shard 2: 134400/137534 882/s
shard 2 done 156s
00:58:31 I proto | shard 3 ok (gpu 1)  task/architecture; not ok if you expect identical arch.
shard 3: 0/137534 310/s
shard 3: 19200/137534 1125/s
shard 3: 38400/137534 1076/s
shard 3: 57600/137534 1044/s
shard 3: 76800/137534 1030/s
shard 3: 96000/137534 987/s
shard 3: 115200/137534 933/s
shard 3: 134400/137534 887/s
shard 3 done 156s
00:58:37 I proto | shard 12 ok (gpu 4) hitecture; not ok if you expect identical arch.
shard 12: 0/137534 328/s
shard 12: 19200/137534 1120/s
shard 12: 38400/137534 1082/s
shard 12: 57600/137534 1052/s
shard 12: 76800/137534 1003/s
shard 12: 96000/137534 942/s
shard 12: 115200/137534 886/s
shard 12: 134400/137534 855/s
shard 12 done 161s
00:58:37 I proto | [done ] prototypes colbert (186.2s)
00:58:39 I proto | colbert: prototypes (30000, 1, 128) countA min=0 med=63 countB min=0 med=63
00:58:41 I whiten | [start] whitening
00:58:43 I whiten | colbert L12: ||muQ-muH||/||muH|| = 1.209  covFrob = 0.449
00:58:43 I whiten | colbert: whitening transforms frozen in /workspace/SPARSE/dvlsr/artifacts/whiten
00:58:43 I whiten | [done ] whitening (1.7s)
00:58:46 I pilotA | [start] pilot A colbert [prefix]
Warning: You are sending unauthenticated requests to the HF Hub. Please set a HF_TOKEN to enable higher rate limits and faster downloads.
Loading weights:   0%|          | 0/199 [00:00<?, ?it/s]Loading weights: 100%|██████████| 199/199 [00:00<00:00, 3562.57it/s]
[transformers] [1mBertModel LOAD REPORT[0m from: colbert-ir/colbertv2.0
Key           | Status     |  | 
--------------+------------+--+-
linear.weight | UNEXPECTED |  | 

Notes:
- UNEXPECTED:	can be ignored when loading from different task/architecture; not ok if you expect identical arch.
00:59:10 I pilotA | colbert: aux2 saved (overlap units (57536, 1, 128), polysemy filled 0.993)
00:59:11 I pilotA | colbert [prefix]: 4945 probes, 763 with related terms
00:59:12 I pilotA | colbert L12|R1-none|raw: hit10=0.988 (stop 0.196) relMRR=0.0239/57.6x z=7.04 PR=3.3 nnz/tok=5.7
00:59:14 I pilotA | colbert L12|R1-doc|raw: hit10=0.921 (stop 0.065) relMRR=0.0179/47.8x z=6.36 PR=0.1 nnz/tok=0.2
00:59:15 I pilotA | colbert L12|R1-query|raw: hit10=0.934 (stop 0.083) relMRR=0.0189/48.2x z=6.46 PR=0.4 nnz/tok=0.5
00:59:16 I pilotA | colbert L12|R1-none|centered: hit10=0.990 (stop 0.191) relMRR=0.0256/66.0x z=7.08 PR=3.2 nnz/tok=5.3
00:59:18 I pilotA | colbert L12|R1-doc|centered: hit10=0.981 (stop 0.164) relMRR=0.0266/61.5x z=6.33 PR=2.9 nnz/tok=4.6
00:59:19 I pilotA | colbert L12|R1-query|centered: hit10=0.982 (stop 0.165) relMRR=0.0263/61.3x z=6.45 PR=2.9 nnz/tok=4.7
00:59:20 I pilotA | colbert L12|R1-none|whitened: hit10=0.992 (stop 0.220) relMRR=0.0236/65.3x z=7.48 PR=3.1 nnz/tok=5.1
00:59:21 I pilotA | colbert L12|R1-doc|whitened: hit10=0.991 (stop 0.239) relMRR=0.0246/69.1x z=6.99 PR=3.0 nnz/tok=4.9
00:59:23 I pilotA | colbert L12|R1-query|whitened: hit10=0.991 (stop 0.236) relMRR=0.0244/69.6x z=7.06 PR=3.0 nnz/tok=4.9
00:59:23 I pilotA | [done ] pilot A colbert [prefix] (37.8s)
00:59:23 I pilotA | saved /home/user/tmp/dvlsr/results/14_pilotA_colbert_prefix.json
CB_PROTO_DONE
