Warning: You are sending unauthenticated requests to the HF Hub. Please set a HF_TOKEN to enable higher rate limits and faster downloads.
Loading weights:   0%|          | 0/199 [00:00<?, ?it/s]Loading weights: 100%|██████████| 199/199 [00:00<00:00, 3975.61it/s]
00:26:59 I probes | [start] bge: probe states
00:27:47 I probes | [done ] bge: probe states (48.3s)
00:27:47 I probes | bge: probes filled 0.9896
00:27:49 I probes | [start] bge: bank H
00:27:56 I probes | [done ] bge: bank H (6.6s)
00:28:04 I probes | bge: H bank (200000, 9, 768) (from 234335 units)
00:28:05 I probes | [start] bge: bank Q
00:28:16 I probes | [done ] bge: bank Q (10.8s)
00:28:22 I probes | bge: Q bank (200000, 9, 768) (from 231450 units)
Warning: You are sending unauthenticated requests to the HF Hub. Please set a HF_TOKEN to enable higher rate limits and faster downloads.
Loading weights:   0%|          | 0/199 [00:00<?, ?it/s]Loading weights: 100%|██████████| 199/199 [00:00<00:00, 2904.09it/s]
00:28:36 I probes | [start] bge: tau sample S
00:28:44 I probes | [done ] bge: tau sample S (8.2s)
00:28:56 I probes | bge: S (286980, 9, 768) over 5000 texts
00:28:56 I probes | [start] bge: tau sample devq
00:28:58 I probes | [done ] bge: tau sample devq (2.0s)
00:29:00 I probes | bge: devq (41576, 9, 768) over 6980 texts
Warning: You are sending unauthenticated requests to the HF Hub. Please set a HF_TOKEN to enable higher rate limits and faster downloads.
Loading weights:   0%|          | 0/199 [00:00<?, ?it/s]Loading weights: 100%|██████████| 199/199 [00:00<00:00, 3600.59it/s]
00:29:27 I r1 | [start] R1 bge/none
00:29:35 I r1 | [done ] R1 bge/none (7.6s)
00:29:35 I r1 | [start] R1 bge/doc
00:29:37 I r1 | [done ] R1 bge/doc (2.0s)
00:29:37 I r1 | [start] R1 bge/query
00:29:41 I r1 | [done ] R1 bge/query (4.6s)
00:29:41 I r1 | saved R1 bge: {'none': (30000, 768), 'doc': (30000, 768), 'query': (30000, 768)}
CHAIN_BGE_DONE
